exports[`test renders the component 1`] = `"<div>Hedlo Jest</div>"`;
